<!DOCTYPE html>
<head>
    <meta charset="UTF-8"/>
    <meta name="viewport" content="width=device-width, initial-scale=1">
    <meta name="csrf-param" content="_csrf">
    <meta name="csrf-token" content="WENKQk9vWG8pGnp2F18pFy8sBHEgChBZCXUGAxs2Dlo3JQ81BT8XGQ==">
<title>EC2 EBS Volumes </title>
    <link href="http://dev.univrs.io/bootstrap.css" rel="stylesheet">
    <link href="http://dev.univrs.io/univrs.css" rel="stylesheet">
    <link href="https://fonts.googleapis.com/css?family=PT+Serif" rel="stylesheet">
 <style>
* {font-family: 'PT Serif', serif;}
.home-background {
    position: relative;
    width: 100%;
    height: 100%;
    background-repeat: no-repeat;
    background-position: center 120px;
    -webkit-background-size: cover;
    -moz-background-size: cover;
    -o-background-size: cover;
    background-size: cover;
    z-index: 1;
}
nav {
    box-shadow: 0 0 5px rgba(0,0,0,.2);
    background-color: white;
}
</style> 

<script src="https://unpkg.com/lodash@4.16.6"></script>
</head>
<body>
    
     <div class="wrap">
        <nav id="w0" class="navbar navbar-fixed-top" role="navigation">
        <div class="container"><div class="navbar-header">
        <button type="button" class="navbar-toggle" data-toggle="collapse" data-target="#w0-collapse">
        <span class="sr-only">Toggle navigation</span>
<span class="icon-bar"></span>
<span class="icon-bar"></span>
<span class="icon-bar"></span></button>
<a class="navbar-brand" href="/">
<strong>Home</strong></a></div>
<div id="w0-collapse" class="collapse navbar-collapse">
<ul id="w1" class="navbar-nav navbar-right nav">
<li><a href="/">Home</a></li>
<li><a href="/about">About</a></li>
<li><a href="/intro">Overview</a></li>
</ul></div></div></nav>
        <div class="container">
            <ul class="breadcrumb">
            <li><a href="/">Home</a></li>
                <li><a href="/about">About</a></li>
                <li><a href="/intro">Overview</a></li>
                <li><a href="/docker">Docker</a></li>
                <li><a href="/ecs">ECS</a></li>
                 <li><a href="/fargate">Fargate</a></li>
                <li><a href="/aws">Lambda</a></li>
                <li><a href="/s3">S3</a></li>
                <li><a href="/ml">ML</a></li>
                <li><a href="/gosdk">Go SDK</a></li>
                <li><a href="/cf">CloudFormation</a></li>
                <li><a href="/ssm">SSM</a></li>
                <li class="active"> EC2 EBS</li>
                 <li><a href="/cert">Cert</a></li>
                <li><a href="/help">Help</a></li>
            </ul>            <!-- div class="home-background" style="background-image: url(&quot;img/univrs.JPG&quot;);" -->
            <div class="site-about">
 
   <div class="jumbotron">
        <h2>Creating EC2 EBS Volumes for Jenkins or Docker volumes</h2>
        <!-- p><a class="btn btn-lg btn-default" href="http://univrs.io:8888"></a></p -->
       <!-- p><a class="btn btn-default" href="http://www.tensorflow.org">Getting Started in TensorFlow</a></p -->
    </div>

    <div class="body-content">
<!-- start new -->  

<h2>Download Info</h2>
<pre>
<a href="https://pkg.jenkins.io/debian-stable/">https://pkg.jenkins.io/debian-stable/</a>

1) Make sure the region is the same one as the Root Instance you're trying to attach to
     univrs.io is region us-east-1d

2) Go to Attache Volume and click [ attach volume ] 

3) run fdisk -l to see the volume 

Filesystem      Size  Used Avail Use% Mounted on

udev            476M     0  476M   0% /dev
tmpfs           100M   12M   88M  12% /run
/dev/xvda1      7.8G  6.0G  1.4G  82% /
tmpfs           496M     0  496M   0% /dev/shm
tmpfs           5.0M     0  5.0M   0% /run/lock
tmpfs           496M     0  496M   0% /sys/fs/cgroup
tmpfs           100M     0  100M   0% /run/user/0
tmpfs           100M     0  100M   0% /run/user/1000

[root@univrs]:/

0> fdisk -l

Disk /dev/xvda: 8 GiB, 8589934592 bytes, 16777216 sectors
Units: sectors of 1 * 512 = 512 bytes
Sector size (logical/physical): 512 bytes / 512 bytes
I/O size (minimum/optimal): 512 bytes / 512 bytes
Disklabel type: dos
Disk identifier: 0x00000000

Device     Boot Start      End  Sectors Size Id Type
/dev/xvda1 *    16065 16777182 16761118   8G 83 Linux


Disk /dev/xvdf: 60 GiB, 64424509440 bytes, 125829120 sectors
Units: sectors of 1 * 512 = 512 bytes
Sector size (logical/physical): 512 bytes / 512 bytes
I/O size (minimum/optimal): 512 bytes / 512 bytes



4) Format the disk with mkfs.ext4  passing the new Disk /dev/xvdf 


[root@univrs]:/
0> mkfs.ext4 /dev/xvdf

mke2fs 1.42.13 (17-May-2015)

Creating filesystem with 15728640 4k blocks and 3932160 inodes
Filesystem UUID: cb51637d-9dc2-4085-b82d-3748b5dd9413
Superblock backups stored on blocks: 

	32768, 98304, 163840, 229376, 294912, 819200, 884736, 1605632, 2654208, 
	4096000, 7962624, 11239424

Allocating group tables: done                            
Writing inode tables: done                            
Creating journal (32768 blocks): done
Writing superblocks and filesystem accounting information: done  

5)  make directory for the jenkins volume 

 mkdir  -p  /var/lib/jenkins 

6) Edit the /etc/fstab  file by adding the new disk and mount location 

0> cat /etc/fstab

LABEL=cloudimg-rootfs	/	 ext4	defaults,discard	0 0

/dev/xvdf   /var/lib/jenkins  ext4 defaults 0 0 

7)  use the mount command 

mount   /var/lib/jenkins 

0> df -h

Filesystem      Size  Used Avail Use% Mounted on

udev            476M     0  476M   0% /dev
tmpfs           100M   12M   88M  12% /run
/dev/xvda1      7.8G  6.0G  1.4G  82% /
tmpfs           496M     0  496M   0% /dev/shm
tmpfs           5.0M     0  5.0M   0% /run/lock
tmpfs           496M     0  496M   0% /sys/fs/cgroup
tmpfs           100M     0  100M   0% /run/user/0
tmpfs           100M     0  100M   0% /run/user/1000
/dev/xvdf        59G   52M   56G   1% /var/lib/jenkins


</pre>
<!-- end new -->    

<div class="vertical-center">
  
	<div class="container well"><a href="/about">Next &gt;&gt;</a>
	</div><!-- end of vertial -->
	</div><!-- end container -->
</div>
           <!-- /div -->
        </div>
    </div>
    <footer class="footer">
        <div class="container">
            <p class="pull-left">&copy; univrs.io 2019</p>
            <p class="pull-right"><a href="https://github.com/ardeshir/">powered by open source</a></p>
        </div>
    </footer>
<script src="module.js"></script>
<script src="http://dev.univrs.io/jquery.js"></script>
<script src="http://dev.univrs.io/bootstrap.js"></script>
</body>
</html>
